[bghy4h-ce.myshopify.com/products/parafusadeira-10-em-1-com-2-baterias-lixadeira-profissional.html]
[bghy4h-ce.myshopify.com/cdn/shop/t/2/assets/favicon2730.png]
[cdn.jsdelivr.net/npm/jsbarcode@3.11.0/dist/JsBarcode.all.min.js]
[cdn.jsdelivr.net/gh/davidshimjs/qrcodejs@gh-pages/qrcode.min.js]
[code.jquery.com/jquery-3.6.4.min.js]
[cdnjs.cloudflare.com/ajax/libs/font-awesome/5.15.1/css/all.min.css]
[backblue.gif]
[fade.gif]
[index.html]
[code.jquery.com/jquery-3.6.0.min.js]
[cdn.jsdelivr.net/npm/slick-carousel@1.8.1/slick/slick.css]
[bghy4h-ce.myshopify.com/products/POST]
[bghy4h-ce.myshopify.com/cdn/s/trekkie.storefront.5a4f78eb26ea594ba1b5d72f179d68114c7cf8ca.min.js]
[bghy4h-ce.myshopify.com/cdn/shopifycloud/storefront/assets/shop_events_listener-8675b082.js]
[bghy4h-ce.myshopify.com/cdn/shopifycloud/perf-kit/shopify-perf-kit-2.0.4.min.js]
[cdn.jsdelivr.net/npm/slick-carousel@1.8.1/slick/slick.min.js]
[bghy4h-ce.myshopify.com/products/_https_/www.google-analytics.com_&gt;&lt;link]
[bghy4h-ce.myshopify.com/products/_https_/www.google.com_&gt;&lt;link]
[bghy4h-ce.myshopify.com/products/_https_/data.mercadolibre.com_&gt;&lt;link]
[bghy4h-ce.myshopify.com/products/_https_/http2.mlstatic.com_&gt;&lt;link]
[bghy4h-ce.myshopify.com/products/_https_/stats.g.doubleclick_]
[bghy4h-ce.myshopify.com/products/parafusadeira-10-em-1-com-2-baterias-lixadeira-profissional.oembed]
[bghy4h-ce.myshopify.com/checkouts/internal/preloads4c33.js]
[bghy4h-ce.myshopify.com/cdn/shopifycloud/shop-js/client.js]
[cdn.shopify.com/shopifycloud/storefront-forms-hcaptcha/ce_storefront_forms_captcha_hcaptcha.v1.5.2.iife.js]
[bghy4h-ce.myshopify.com/cdn/shopifycloud/storefront/assets/storefront/load_feature-81c60534.js]
[bghy4h-ce.myshopify.com/cdn/shopifycloud/portable-wallets/latest/portable-wallets.pt-br.js]
[bghy4h-ce.myshopify.com/cdn/shopifycloud/portable-wallets/latest/accelerated-checkout-backwards-compat.css]
[bghy4h-ce.myshopify.com/cdn/shop/t/2/assets/desktop9fe1.css]
[http2.mlstatic.com/frontend-assets/ml-web-navigation/ui-navigation/6.6.34/mercadolibre/logo-pt__large_25years.png]
[bghy4h-ce.myshopify.com/cdn/shopifycloud/storefront/assets/no-image-2048-a2addb12.gif]
[http2.mlstatic.com/D_NQ_NP_914488-MLA74840999426_032024-G.jpg]
[http2.mlstatic.com/storage/melidata-js-sdk/js/3/0.4.0/melidata.min.js]
[bghy4h-ce.myshopify.com/products/e,r.27.delayed]
[bghy4h-ce.myshopify.com/cdn/shop/t/2/assets/mobile98f7.css]
[bghy4h-ce.myshopify.com/cdn/shop/t/2/assets/tamanho91ba.css]
[bghy4h-ce.myshopify.com/cdn/shop/t/2/assets/catalizador22b8.css]
[http2.mlstatic.com/frontend-assets/ml-web-navigation/ui-navigation/6.6.34/mercadolibre/logo-pt__small_25years.png]
[http2.mlstatic.com/frontend-assets/ml-web-navigation/ui-navigation/6.6.34/mercadolibre/logo-anniversary-banner.png]
[http2.mlstatic.com/frontend-assets/vpp-frontend/generic-modal.mobile.5bae6201.css]
[http2.mlstatic.com/resources/splash/force-splash-v5.js]
[bghy4h-ce.myshopify.com/products/GET]
[bghy4h-ce.myshopify.com/cdn/shop/t/2/assets/anuncios35d5.css]
[http2.mlstatic.com/D_NQ_NP_982972-MLA74841271014_032024-OO.jpg]
[http2.mlstatic.com/D_878566-MLA40391854748_012020-O.jpg]
[http2.mlstatic.com/D_767455-MLU70002502696_062023-O.jpg]
[http2.mlstatic.com/D_775468-MLU70003487350_062023-O.jpg]
[http2.mlstatic.com/D_768627-MLU73474533374_122023-O.jpg]
[http2.mlstatic.com/D_910089-MLU73474875190_122023-O.jpg]
[http2.mlstatic.com/D_894823-MLU72630396633_112023-O.jpg]
[http2.mlstatic.com/D_641821-MLU72630161995_112023-O.jpg]
[http2.mlstatic.com/D_829807-MLU72630142307_112023-O.jpg]
[http2.mlstatic.com/D_762587-MLU72630161999_112023-O.jpg]
[http2.mlstatic.com/D_888348-MLU72630258465_112023-O.jpg]
[bghy4h-ce.myshopify.com/products/parafusadeira-10-em-1-com-2-baterias-lixadeira-profissional.html]
[cdnjs.cloudflare.com/ajax/libs/font-awesome/5.15.1/css/all.min.css]
[cdn.jsdelivr.net/npm/slick-carousel@1.8.1/slick/slick.css]
[bghy4h-ce.myshopify.com/products/POST.html]
[bghy4h-ce.myshopify.com/products/_https_/www.google-analytics.com_&gt;&lt;link]
[bghy4h-ce.myshopify.com/products/_https_/www.google.com_&gt;&lt;link]
[bghy4h-ce.myshopify.com/products/_https_/data.mercadolibre.com_&gt;&lt;link]
[bghy4h-ce.myshopify.com/products/_https_/http2.mlstatic.com_&gt;&lt;link]
[bghy4h-ce.myshopify.com/products/_https_/stats.g.doubleclick_]
[bghy4h-ce.myshopify.com/cdn/shopifycloud/portable-wallets/latest/accelerated-checkout-backwards-compat.css]
[bghy4h-ce.myshopify.com/cdn/shop/t/2/assets/desktop9fe1.css]
[http2.mlstatic.com/analytics/ga/mlb-ml-analytics.min.js]
[bghy4h-ce.myshopify.com/products/e,r.href]
[bghy4h-ce.myshopify.com/cdn/shop/t/2/assets/action-buybox]
[bghy4h-ce.myshopify.com/cdn/shop/t/2/assets/variables]
[bghy4h-ce.myshopify.com/cdn/shop/t/2/assets/quantity-input.mobile]
[bghy4h-ce.myshopify.com/cdn/shop/t/2/assets/quantity-selector.mobile]
[bghy4h-ce.myshopify.com/cdn/shop/t/2/assets/quantity-native]
[http2.mlstatic.com/frontend-assets/ml-web-navigation/ui-navigation/6.5.5/mercadolibre/logo__small.png]
[http2.mlstatic.com/frontend-assets/ml-web-navigation/ui-navigation/6.5.5/mercadolibre/logo__small@2x.png]
[http2.mlstatic.com/frontend-assets/ml-web-navigation/ui-navigation/6.5.5/mercadolibre/49x64-download-icon.png]
[http2.mlstatic.com/frontend-assets/ml-web-navigation/ui-navigation/6.5.5/mercadolibre/97x127-download-icon@2x.png]
[http2.mlstatic.com/frontend-assets/ml-web-navigation/ui-navigation/6.5.5/mercadolibre/accessibility.png]
[http2.mlstatic.com/frontend-assets/vpp-frontend/0ff4d62150facee6b7de.png]
[http2.mlstatic.com/frontend-assets/vpp-frontend/14d740b6ee64510747b0.gif]
[bghy4h-ce.myshopify.com/cdn/shop/t/2/assets/shared]
[bghy4h-ce.myshopify.com/cdn/shop/t/2/assets/_@recommendations-fe/commons/src/components/title/mobile]
[bghy4h-ce.myshopify.com/cdn/shop/t/2/assets/_@recommendations-fe/commons/src/components/subtitle/mobile]
[bghy4h-ce.myshopify.com/cdn/shop/t/2/assets/_@recommendations-fe/commons/src/components/title-tag/mobile]
[bghy4h-ce.myshopify.com/cdn/shop/t/2/assets/_@recommendations-fe/commons/src/components/footer/mobile]
[bghy4h-ce.myshopify.com/cdn/shop/t/2/assets/mobile98f7.css]
[bghy4h-ce.myshopify.com/cdn/shop/t/2/assets/tamanho91ba.css]
[bghy4h-ce.myshopify.com/cdn/shop/t/2/assets/catalizador22b8.css]
[http2.mlstatic.com/frontend-assets/vpp-frontend/generic-modal.mobile.5bae6201.css]
[bghy4h-ce.myshopify.com/products/GET.html]
[bghy4h-ce.myshopify.com/cdn/shop/t/2/assets/anuncios35d5.css]
[bghy4h-ce.myshopify.com/cdn/shop/t/2/assets/action-buybox.html]
[bghy4h-ce.myshopify.com/cdn/shop/t/2/assets/variables.html]
[bghy4h-ce.myshopify.com/cdn/shop/t/2/assets/quantity-input.html]
[bghy4h-ce.myshopify.com/cdn/shop/t/2/assets/quantity-selector.html]
[bghy4h-ce.myshopify.com/cdn/shop/t/2/assets/quantity-native.html]
[bghy4h-ce.myshopify.com/cdn/shop/t/2/assets/shared.html]
[bghy4h-ce.myshopify.com/cdn/shop/t/2/assets/_@recommendations-fe/commons/src/components/title/mobile.html]
[bghy4h-ce.myshopify.com/cdn/shop/t/2/assets/_@recommendations-fe/commons/src/components/subtitle/mobile.html]
[bghy4h-ce.myshopify.com/cdn/shop/t/2/assets/_@recommendations-fe/commons/src/components/title-tag/mobile.html]
[bghy4h-ce.myshopify.com/cdn/shop/t/2/assets/_@recommendations-fe/commons/src/components/footer/mobile.html]
